2026-01-07 21:38:37 info: =================================
2026-01-07 21:38:37 info: ======= ENV: development ========
2026-01-07 21:38:37 info: 🚀 App listening on the port 5000
2026-01-07 21:38:37 info: =================================
2026-01-07 21:38:38 info: MongoDB connected successfully
2026-01-07 21:41:08 info: ::1 - - [07/Jan/2026:16:11:07 +0000] "POST /api/v1/user/auth/sendOtp HTTP/1.1" 200 95 "-" "PostmanRuntime/7.51.0"
2026-01-07 21:41:22 info: ::1 - - [07/Jan/2026:16:11:22 +0000] "POST /api/v1/user/auth/verifyOtp HTTP/1.1" 200 531 "-" "PostmanRuntime/7.51.0"
2026-01-07 21:42:57 info: =================================
2026-01-07 21:42:57 info: ======= ENV: development ========
2026-01-07 21:42:57 info: 🚀 App listening on the port 5000
2026-01-07 21:42:57 info: =================================
2026-01-07 21:42:57 info: MongoDB connected successfully
2026-01-07 21:43:09 info: ::1 - - [07/Jan/2026:16:13:09 +0000] "POST /api/v1/user/auth/sendOtp HTTP/1.1" 200 95 "-" "PostmanRuntime/7.51.0"
2026-01-07 21:43:18 info: ::1 - - [07/Jan/2026:16:13:18 +0000] "POST /api/v1/user/auth/verifyOtp HTTP/1.1" 200 856 "-" "PostmanRuntime/7.51.0"
2026-01-07 21:44:28 error: [POST] /api/v1/user/completeProfile >> StatusCode:: 400, Message:: Profile is already completed
2026-01-07 21:44:28 info: ::1 - - [07/Jan/2026:16:14:28 +0000] "POST /api/v1/user/completeProfile HTTP/1.1" 400 88 "-" "PostmanRuntime/7.51.0"
2026-01-07 21:47:58 info: =================================
2026-01-07 21:47:58 info: ======= ENV: development ========
2026-01-07 21:47:58 info: 🚀 App listening on the port 5000
2026-01-07 21:47:58 info: =================================
2026-01-07 21:47:58 info: MongoDB connected successfully
2026-01-07 21:48:54 info: ::1 - - [07/Jan/2026:16:18:54 +0000] "POST /api/v1/user/auth/sendOtp HTTP/1.1" 200 95 "-" "PostmanRuntime/7.51.0"
2026-01-07 21:49:11 info: ::1 - - [07/Jan/2026:16:19:11 +0000] "POST /api/v1/user/auth/verifyOtp HTTP/1.1" 200 791 "-" "PostmanRuntime/7.51.0"
2026-01-07 21:49:24 info: ::1 - - [07/Jan/2026:16:19:24 +0000] "POST /api/v1/user/completeProfile HTTP/1.1" 200 186 "-" "PostmanRuntime/7.51.0"
2026-01-07 21:50:37 info: ::1 - - [07/Jan/2026:16:20:37 +0000] "POST /api/v1/user/upload-documents HTTP/1.1" 401 76 "-" "PostmanRuntime/7.51.0"
2026-01-07 21:51:03 info: ::1 - - [07/Jan/2026:16:21:03 +0000] "POST /api/v1/user/upload-documents HTTP/1.1" 200 470 "-" "PostmanRuntime/7.51.0"
2026-01-07 21:51:40 info: ::1 - - [07/Jan/2026:16:21:40 +0000] "POST /api/v1/user/upload-documents HTTP/1.1" 200 474 "-" "PostmanRuntime/7.51.0"
2026-01-07 21:51:52 info: ::1 - - [07/Jan/2026:16:21:52 +0000] "POST /api/v1/user/upload-documents HTTP/1.1" 200 460 "-" "PostmanRuntime/7.51.0"
2026-01-07 21:52:04 info: ::1 - - [07/Jan/2026:16:22:04 +0000] "POST /api/v1/user/auth/sendOtp HTTP/1.1" 200 95 "-" "PostmanRuntime/7.51.0"
2026-01-07 21:52:33 info: ::1 - - [07/Jan/2026:16:22:33 +0000] "POST /api/v1/user/auth/verifyOtp HTTP/1.1" 200 856 "-" "PostmanRuntime/7.51.0"
2026-01-07 22:00:08 info: ::1 - - [07/Jan/2026:16:30:08 +0000] "POST /api/v1/admin/auth/login HTTP/1.1" 404 163 "-" "PostmanRuntime/7.51.0"
2026-01-07 22:03:51 info: =================================
2026-01-07 22:03:51 info: ======= ENV: development ========
2026-01-07 22:03:51 info: 🚀 App listening on the port 5000
2026-01-07 22:03:51 info: =================================
2026-01-07 22:03:51 info: MongoDB connected successfully
2026-01-07 22:04:22 info: =================================
2026-01-07 22:04:22 info: ======= ENV: development ========
2026-01-07 22:04:22 info: 🚀 App listening on the port 5000
2026-01-07 22:04:22 info: =================================
2026-01-07 22:04:22 info: MongoDB connected successfully
2026-01-07 22:04:34 info: ::1 - - [07/Jan/2026:16:34:34 +0000] "POST /api/v1/admin/auth/login HTTP/1.1" 404 163 "-" "PostmanRuntime/7.51.0"
2026-01-07 22:04:42 info: ::1 - - [07/Jan/2026:16:34:42 +0000] "POST /api/v1/admin/auth/login HTTP/1.1" 404 163 "-" "PostmanRuntime/7.51.0"
2026-01-07 22:05:22 info: =================================
2026-01-07 22:05:22 info: ======= ENV: development ========
2026-01-07 22:05:22 info: 🚀 App listening on the port 5000
2026-01-07 22:05:22 info: =================================
2026-01-07 22:05:22 info: MongoDB connected successfully
2026-01-07 22:05:25 info: ::1 - - [07/Jan/2026:16:35:25 +0000] "POST /api/v1/admin/login HTTP/1.1" 404 158 "-" "PostmanRuntime/7.51.0"
2026-01-07 22:06:40 info: =================================
2026-01-07 22:06:40 info: ======= ENV: development ========
2026-01-07 22:06:40 info: 🚀 App listening on the port 5000
2026-01-07 22:06:40 info: =================================
2026-01-07 22:06:40 info: MongoDB connected successfully
2026-01-07 22:07:09 info: =================================
2026-01-07 22:07:09 info: ======= ENV: development ========
2026-01-07 22:07:09 info: 🚀 App listening on the port 5000
2026-01-07 22:07:09 info: =================================
2026-01-07 22:07:09 info: MongoDB connected successfully
2026-01-07 22:08:22 info: =================================
2026-01-07 22:08:22 info: ======= ENV: development ========
2026-01-07 22:08:22 info: 🚀 App listening on the port 5000
2026-01-07 22:08:22 info: =================================
2026-01-07 22:08:22 info: MongoDB connected successfully
2026-01-07 22:08:30 info: ::1 - - [07/Jan/2026:16:38:30 +0000] "POST /api/v1/admin/login HTTP/1.1" 400 137 "-" "PostmanRuntime/7.51.0"
2026-01-07 22:09:43 info: =================================
2026-01-07 22:09:43 info: ======= ENV: development ========
2026-01-07 22:09:43 info: 🚀 App listening on the port 5000
2026-01-07 22:09:43 info: =================================
2026-01-07 22:09:43 info: MongoDB connected successfully
2026-01-07 22:10:37 info: =================================
2026-01-07 22:10:37 info: ======= ENV: development ========
2026-01-07 22:10:37 info: 🚀 App listening on the port 5000
2026-01-07 22:10:37 info: =================================
2026-01-07 22:10:37 info: MongoDB connected successfully
2026-01-07 22:14:02 info: =================================
2026-01-07 22:14:02 info: ======= ENV: development ========
2026-01-07 22:14:02 info: 🚀 App listening on the port 5000
2026-01-07 22:14:02 info: =================================
2026-01-07 22:14:03 info: MongoDB connected successfully
2026-01-07 22:14:51 info: =================================
2026-01-07 22:14:51 info: ======= ENV: development ========
2026-01-07 22:14:51 info: 🚀 App listening on the port 5000
2026-01-07 22:14:51 info: =================================
2026-01-07 22:14:52 info: MongoDB connected successfully
2026-01-07 22:19:11 info: ::1 - - [07/Jan/2026:16:49:11 +0000] "POST /api/v1/admin/login HTTP/1.1" 400 110 "-" "PostmanRuntime/7.51.0"
2026-01-07 22:19:59 info: ::1 - - [07/Jan/2026:16:49:59 +0000] "POST /api/v1/admin/login HTTP/1.1" 400 89 "-" "PostmanRuntime/7.51.0"
2026-01-07 22:22:17 info: =================================
2026-01-07 22:22:17 info: ======= ENV: development ========
2026-01-07 22:22:17 info: 🚀 App listening on the port 5000
2026-01-07 22:22:17 info: =================================
2026-01-07 22:22:17 info: MongoDB connected successfully
2026-01-07 22:22:27 error: [POST] /api/v1/admin/login >> StatusCode:: 400, Message:: Invalid email or password
2026-01-07 22:22:27 info: ::1 - - [07/Jan/2026:16:52:27 +0000] "POST /api/v1/admin/login HTTP/1.1" 400 85 "-" "PostmanRuntime/7.51.0"
2026-01-07 22:23:25 info: =================================
2026-01-07 22:23:25 info: ======= ENV: development ========
2026-01-07 22:23:25 info: 🚀 App listening on the port 5000
2026-01-07 22:23:25 info: =================================
2026-01-07 22:23:25 info: MongoDB connected successfully
2026-01-07 22:23:50 error: [POST] /api/v1/admin/login >> StatusCode:: 400, Message:: Invalid mobile or password
2026-01-07 22:23:50 info: ::1 - - [07/Jan/2026:16:53:50 +0000] "POST /api/v1/admin/login HTTP/1.1" 400 86 "-" "PostmanRuntime/7.51.0"
2026-01-07 22:25:59 info: =================================
2026-01-07 22:25:59 info: ======= ENV: development ========
2026-01-07 22:25:59 info: 🚀 App listening on the port 5000
2026-01-07 22:25:59 info: =================================
2026-01-07 22:25:59 info: MongoDB connected successfully
2026-01-07 22:26:11 error: [POST] /api/v1/admin/login >> StatusCode:: 400, Message:: Invalid mobile or password
2026-01-07 22:26:11 info: ::1 - - [07/Jan/2026:16:56:11 +0000] "POST /api/v1/admin/login HTTP/1.1" 400 86 "-" "PostmanRuntime/7.51.0"
2026-01-07 22:27:14 info: =================================
2026-01-07 22:27:14 info: ======= ENV: development ========
2026-01-07 22:27:14 info: 🚀 App listening on the port 5000
2026-01-07 22:27:14 info: =================================
2026-01-07 22:27:14 info: MongoDB connected successfully
2026-01-07 22:27:28 info: =================================
2026-01-07 22:27:28 info: ======= ENV: development ========
2026-01-07 22:27:28 info: 🚀 App listening on the port 5000
2026-01-07 22:27:28 info: =================================
2026-01-07 22:27:29 info: MongoDB connected successfully
2026-01-07 22:27:47 error: [POST] /api/v1/admin/login >> StatusCode:: 400, Message:: Invalid mobile or password
2026-01-07 22:27:47 info: ::1 - - [07/Jan/2026:16:57:47 +0000] "POST /api/v1/admin/login HTTP/1.1" 400 86 "-" "PostmanRuntime/7.51.0"
2026-01-07 22:29:03 info: =================================
2026-01-07 22:29:03 info: ======= ENV: development ========
2026-01-07 22:29:03 info: 🚀 App listening on the port 5000
2026-01-07 22:29:03 info: =================================
2026-01-07 22:29:03 info: MongoDB connected successfully
2026-01-07 22:29:25 error: [POST] /api/v1/admin/login >> StatusCode:: 400, Message:: Invalid mobile or password
2026-01-07 22:29:25 info: ::1 - - [07/Jan/2026:16:59:25 +0000] "POST /api/v1/admin/login HTTP/1.1" 400 86 "-" "PostmanRuntime/7.51.0"
2026-01-07 22:30:59 info: =================================
2026-01-07 22:30:59 info: ======= ENV: development ========
2026-01-07 22:30:59 info: 🚀 App listening on the port 5000
2026-01-07 22:30:59 info: =================================
2026-01-07 22:31:02 info: MongoDB connected successfully
2026-01-07 22:32:28 info: =================================
2026-01-07 22:32:28 info: ======= ENV: development ========
2026-01-07 22:32:28 info: 🚀 App listening on the port 5000
2026-01-07 22:32:28 info: =================================
2026-01-07 22:32:28 info: MongoDB connected successfully
2026-01-07 22:32:34 error: [POST] /api/v1/admin/login >> StatusCode:: 400, Message:: Invalid mobile or password
2026-01-07 22:32:34 info: ::1 - - [07/Jan/2026:17:02:34 +0000] "POST /api/v1/admin/login HTTP/1.1" 400 86 "-" "PostmanRuntime/7.51.0"
2026-01-07 22:33:31 info: ::1 - - [07/Jan/2026:17:03:31 +0000] "POST /api/v1/admin/login HTTP/1.1" 500 455 "-" "PostmanRuntime/7.51.0"
2026-01-07 22:34:01 info: ::1 - - [07/Jan/2026:17:04:01 +0000] "POST /api/v1/admin/login HTTP/1.1" 200 610 "-" "PostmanRuntime/7.51.0"
2026-01-07 22:38:39 info: =================================
2026-01-07 22:38:39 info: ======= ENV: development ========
2026-01-07 22:38:39 info: 🚀 App listening on the port 5000
2026-01-07 22:38:39 info: =================================
2026-01-07 22:38:39 info: MongoDB connected successfully
2026-01-07 22:40:09 info: =================================
2026-01-07 22:40:09 info: ======= ENV: development ========
2026-01-07 22:40:09 info: 🚀 App listening on the port 5000
2026-01-07 22:40:09 info: =================================
2026-01-07 22:40:09 info: MongoDB connected successfully
2026-01-07 22:40:28 info: =================================
2026-01-07 22:40:28 info: ======= ENV: development ========
2026-01-07 22:40:28 info: 🚀 App listening on the port 5000
2026-01-07 22:40:28 info: =================================
2026-01-07 22:40:28 info: MongoDB connected successfully
2026-01-07 23:12:28 info: =================================
2026-01-07 23:12:28 info: ======= ENV: development ========
2026-01-07 23:12:28 info: 🚀 App listening on the port 5000
2026-01-07 23:12:28 info: =================================
2026-01-07 23:12:28 info: MongoDB connected successfully
2026-01-07 23:17:33 info: =================================
2026-01-07 23:17:33 info: ======= ENV: development ========
2026-01-07 23:17:33 info: 🚀 App listening on the port 5000
2026-01-07 23:17:33 info: =================================
2026-01-07 23:17:33 info: MongoDB connected successfully
2026-01-07 23:18:07 info: =================================
2026-01-07 23:18:07 info: ======= ENV: development ========
2026-01-07 23:18:07 info: 🚀 App listening on the port 5000
2026-01-07 23:18:07 info: =================================
2026-01-07 23:18:07 info: MongoDB connected successfully
2026-01-07 23:18:40 info: =================================
2026-01-07 23:18:40 info: ======= ENV: development ========
2026-01-07 23:18:40 info: 🚀 App listening on the port 5000
2026-01-07 23:18:40 info: =================================
2026-01-07 23:18:40 info: MongoDB connected successfully
2026-01-07 23:19:47 info: =================================
2026-01-07 23:19:47 info: ======= ENV: development ========
2026-01-07 23:19:47 info: 🚀 App listening on the port 5000
2026-01-07 23:19:47 info: =================================
2026-01-07 23:19:47 info: MongoDB connected successfully
2026-01-07 23:20:11 info: =================================
2026-01-07 23:20:11 info: ======= ENV: development ========
2026-01-07 23:20:11 info: 🚀 App listening on the port 5000
2026-01-07 23:20:11 info: =================================
2026-01-07 23:20:11 info: MongoDB connected successfully
2026-01-07 23:26:53 info: =================================
2026-01-07 23:26:53 info: ======= ENV: development ========
2026-01-07 23:26:53 info: 🚀 App listening on the port 5000
2026-01-07 23:26:53 info: =================================
2026-01-07 23:26:53 info: MongoDB connected successfully
2026-01-07 23:28:02 info: =================================
2026-01-07 23:28:02 info: ======= ENV: development ========
2026-01-07 23:28:02 info: 🚀 App listening on the port 5000
2026-01-07 23:28:03 info: =================================
2026-01-07 23:28:03 info: MongoDB connected successfully
2026-01-07 23:28:34 info: =================================
2026-01-07 23:28:34 info: ======= ENV: development ========
2026-01-07 23:28:34 info: 🚀 App listening on the port 5000
2026-01-07 23:28:34 info: =================================
2026-01-07 23:28:34 info: MongoDB connected successfully
2026-01-07 23:31:00 info: =================================
2026-01-07 23:31:00 info: ======= ENV: development ========
2026-01-07 23:31:00 info: 🚀 App listening on the port 5000
2026-01-07 23:31:00 info: =================================
2026-01-07 23:31:00 info: MongoDB connected successfully
2026-01-07 23:32:16 info: =================================
2026-01-07 23:32:16 info: ======= ENV: development ========
2026-01-07 23:32:16 info: 🚀 App listening on the port 5000
2026-01-07 23:32:16 info: =================================
2026-01-07 23:32:16 info: MongoDB connected successfully
2026-01-07 23:32:41 info: =================================
2026-01-07 23:32:41 info: ======= ENV: development ========
2026-01-07 23:32:41 info: 🚀 App listening on the port 5000
2026-01-07 23:32:41 info: =================================
2026-01-07 23:32:42 info: MongoDB connected successfully
2026-01-07 23:34:28 info: ::1 - - [07/Jan/2026:18:04:28 +0000] "POST /api/v1/user/auth/sendOtp HTTP/1.1" 200 95 "-" "PostmanRuntime/7.51.0"
2026-01-07 23:34:46 info: ::1 - - [07/Jan/2026:18:04:46 +0000] "POST /api/v1/user/auth/verifyOtp HTTP/1.1" 200 791 "-" "PostmanRuntime/7.51.0"
2026-01-07 23:35:08 info: ::1 - - [07/Jan/2026:18:05:08 +0000] "POST /api/v1/user/completeProfile HTTP/1.1" 200 186 "-" "PostmanRuntime/7.51.0"
2026-01-07 23:35:42 info: ::1 - - [07/Jan/2026:18:05:42 +0000] "POST /api/v1/user/upload-documents HTTP/1.1" 401 86 "-" "PostmanRuntime/7.51.0"
2026-01-07 23:37:35 info: ::1 - - [07/Jan/2026:18:07:35 +0000] "POST /api/v1/user/upload-documents HTTP/1.1" 200 470 "-" "PostmanRuntime/7.51.0"
2026-01-07 23:37:44 info: ::1 - - [07/Jan/2026:18:07:44 +0000] "POST /api/v1/user/upload-documents HTTP/1.1" 200 474 "-" "PostmanRuntime/7.51.0"
2026-01-07 23:38:11 info: ::1 - - [07/Jan/2026:18:08:11 +0000] "POST /api/v1/user/upload-documents HTTP/1.1" 200 458 "-" "PostmanRuntime/7.51.0"
2026-01-07 23:42:25 info: =================================
2026-01-07 23:42:25 info: ======= ENV: development ========
2026-01-07 23:42:25 info: 🚀 App listening on the port 5000
2026-01-07 23:42:25 info: =================================
2026-01-07 23:42:25 info: MongoDB connected successfully
2026-01-07 23:44:25 info: =================================
2026-01-07 23:44:25 info: ======= ENV: development ========
2026-01-07 23:44:25 info: 🚀 App listening on the port 5000
2026-01-07 23:44:25 info: =================================
2026-01-07 23:44:25 info: MongoDB connected successfully
2026-01-07 23:44:57 info: =================================
2026-01-07 23:44:57 info: ======= ENV: development ========
2026-01-07 23:44:57 info: 🚀 App listening on the port 5000
2026-01-07 23:44:57 info: =================================
2026-01-07 23:44:57 info: MongoDB connected successfully
2026-01-07 23:45:16 info: =================================
2026-01-07 23:45:16 info: ======= ENV: development ========
2026-01-07 23:45:16 info: 🚀 App listening on the port 5000
2026-01-07 23:45:16 info: =================================
2026-01-07 23:45:16 info: MongoDB connected successfully
2026-01-07 23:46:57 info: =================================
2026-01-07 23:46:57 info: ======= ENV: development ========
2026-01-07 23:46:57 info: 🚀 App listening on the port 5000
2026-01-07 23:46:57 info: =================================
2026-01-07 23:46:58 info: MongoDB connected successfully
2026-01-07 23:48:50 info: =================================
2026-01-07 23:48:50 info: ======= ENV: development ========
2026-01-07 23:48:50 info: 🚀 App listening on the port 5000
2026-01-07 23:48:50 info: =================================
2026-01-07 23:48:50 info: MongoDB connected successfully
2026-01-07 23:49:22 info: =================================
2026-01-07 23:49:22 info: ======= ENV: development ========
2026-01-07 23:49:22 info: 🚀 App listening on the port 5000
2026-01-07 23:49:22 info: =================================
2026-01-07 23:49:22 info: MongoDB connected successfully
2026-01-07 23:50:06 info: =================================
2026-01-07 23:50:06 info: ======= ENV: development ========
2026-01-07 23:50:06 info: 🚀 App listening on the port 5000
2026-01-07 23:50:06 info: =================================
2026-01-07 23:50:06 info: MongoDB connected successfully
2026-01-07 23:50:29 info: =================================
2026-01-07 23:50:29 info: ======= ENV: development ========
2026-01-07 23:50:29 info: 🚀 App listening on the port 5000
2026-01-07 23:50:29 info: =================================
2026-01-07 23:50:29 info: MongoDB connected successfully
2026-01-07 23:51:34 error: [GET] /api/v1/admin/kyc/submitted >> StatusCode:: 401, Message:: Authorization token missing
2026-01-07 23:51:34 info: ::1 - - [07/Jan/2026:18:21:34 +0000] "GET /api/v1/admin/kyc/submitted?page=1&pageSize=10 HTTP/1.1" 401 87 "-" "PostmanRuntime/7.51.0"
2026-01-07 23:51:45 error: [GET] /api/v1/admin/kyc/submitted >> StatusCode:: 401, Message:: Authorization token missing
2026-01-07 23:51:45 info: ::1 - - [07/Jan/2026:18:21:45 +0000] "GET /api/v1/admin/kyc/submitted?page=1&pageSize=10 HTTP/1.1" 401 87 "-" "PostmanRuntime/7.51.0"
2026-01-07 23:52:28 info: ::1 - - [07/Jan/2026:18:22:28 +0000] "GET /api/v1/admin/kyc/submitted?page=1&pageSize=10 HTTP/1.1" 500 1114 "-" "PostmanRuntime/7.51.0"
2026-01-07 23:53:06 info: ::1 - - [07/Jan/2026:18:23:06 +0000] "POST /api/v1/admin/login HTTP/1.1" 200 610 "-" "PostmanRuntime/7.51.0"
2026-01-07 23:53:38 error: [GET] /api/v1/admin/kyc/submitted >> StatusCode:: 401, Message:: Authorization token missing
2026-01-07 23:53:38 info: ::1 - - [07/Jan/2026:18:23:38 +0000] "GET /api/v1/admin/kyc/submitted?page=1&pageSize=10 HTTP/1.1" 401 87 "-" "PostmanRuntime/7.51.0"
2026-01-07 23:55:13 info: =================================
2026-01-07 23:55:13 info: ======= ENV: development ========
2026-01-07 23:55:13 info: 🚀 App listening on the port 5000
2026-01-07 23:55:13 info: =================================
2026-01-07 23:55:13 info: MongoDB connected successfully
2026-01-07 23:56:15 info: =================================
2026-01-07 23:56:15 info: ======= ENV: development ========
2026-01-07 23:56:15 info: 🚀 App listening on the port 5000
2026-01-07 23:56:15 info: =================================
2026-01-07 23:56:15 info: MongoDB connected successfully
2026-01-07 23:56:45 info: =================================
2026-01-07 23:56:45 info: ======= ENV: development ========
2026-01-07 23:56:46 info: 🚀 App listening on the port 5000
2026-01-07 23:56:46 info: =================================
2026-01-07 23:56:46 info: MongoDB connected successfully
2026-01-07 23:57:19 info: =================================
2026-01-07 23:57:19 info: ======= ENV: development ========
2026-01-07 23:57:19 info: 🚀 App listening on the port 5000
2026-01-07 23:57:19 info: =================================
2026-01-07 23:57:19 info: MongoDB connected successfully
2026-01-07 23:57:39 info: =================================
2026-01-07 23:57:39 info: ======= ENV: development ========
2026-01-07 23:57:39 info: 🚀 App listening on the port 5000
2026-01-07 23:57:39 info: =================================
2026-01-07 23:57:39 info: MongoDB connected successfully
2026-01-07 23:57:48 info: =================================
2026-01-07 23:57:48 info: ======= ENV: development ========
2026-01-07 23:57:48 info: 🚀 App listening on the port 5000
2026-01-07 23:57:48 info: =================================
2026-01-07 23:57:48 info: MongoDB connected successfully
2026-01-07 23:57:55 info: ::1 - - [07/Jan/2026:18:27:55 +0000] "GET /api/v1/admin/kyc/submitted?page=1&pageSize=10 HTTP/1.1" 400 79 "-" "PostmanRuntime/7.51.0"
2026-01-07 23:58:49 info: =================================
2026-01-07 23:58:49 info: ======= ENV: development ========
2026-01-07 23:58:49 info: 🚀 App listening on the port 5000
2026-01-07 23:58:49 info: =================================
2026-01-07 23:58:49 info: MongoDB connected successfully
2026-01-07 23:59:04 info: ::1 - - [07/Jan/2026:18:29:04 +0000] "GET /api/v1/admin/kyc/submitted?page=1&pageSize=10 HTTP/1.1" 400 79 "-" "PostmanRuntime/7.51.0"
