2026-04-23 21:02:56 info: =================================
2026-04-23 21:02:56 info: ======= ENV: development ========
2026-04-23 21:02:56 info: 🚀 App listening on the port 3000
2026-04-23 21:02:56 info: =================================
2026-04-23 21:02:56 info: MongoDB connected successfully
2026-04-23 21:05:33 info: =================================
2026-04-23 21:05:33 info: ======= ENV: development ========
2026-04-23 21:05:33 info: 🚀 App listening on the port 5000
2026-04-23 21:05:33 info: =================================
2026-04-23 21:05:33 info: MongoDB connected successfully
2026-04-23 21:05:39 info: [0mPOST /api/v1/user/auth/sendOtp [32m200[0m 132.683 ms - 83[0m
2026-04-23 21:06:00 info: [0mPOST /api/v1/user/auth/sendOtp [32m200[0m 16.269 ms - 83[0m
2026-04-23 21:07:50 info: [0mPOST /api/v1/user/auth/verifyOtp [32m200[0m 207.817 ms - 680[0m
2026-04-23 21:08:27 info: [0mPOST /api/v1/user/auth/upload-documents [32m200[0m 95.016 ms - 344[0m
2026-04-23 21:08:53 error: [POST] /api/v1/admin/register >> StatusCode:: 400, Message:: Admin already exists with this email
2026-04-23 21:08:53 info: [0mPOST /api/v1/admin/register [33m400[0m 41.298 ms - 96[0m
2026-04-23 21:09:04 info: [0mPOST /api/v1/admin/register [32m201[0m 142.162 ms - 211[0m
2026-04-23 21:09:30 info: [0mPOST /api/v1/admin/login [32m200[0m 203.748 ms - 579[0m
2026-04-23 21:14:15 info: =================================
2026-04-23 21:14:15 info: ======= ENV: development ========
2026-04-23 21:14:15 info: 🚀 App listening on the port 5000
2026-04-23 21:14:15 info: =================================
2026-04-23 21:14:15 info: MongoDB connected successfully
2026-04-23 21:14:35 info: =================================
2026-04-23 21:14:35 info: ======= ENV: development ========
2026-04-23 21:14:35 info: 🚀 App listening on the port 5000
2026-04-23 21:14:35 info: =================================
2026-04-23 21:14:35 info: MongoDB connected successfully
2026-04-23 21:17:20 info: [0mPOST /api/v1/admin/logout [32m200[0m 128.894 ms - 88[0m
2026-04-23 21:21:01 error: [POST] /api/v1/admin/forgot-password/send-otp >> StatusCode:: 404, Message:: Admin not found
2026-04-23 21:21:01 info: [0mPOST /api/v1/admin/forgot-password/send-otp [33m404[0m 39.954 ms - 75[0m
2026-04-23 21:21:28 info: [0mPOST /api/v1/admin/forgot-password/send-otp [32m200[0m 125.141 ms - 96[0m
2026-04-23 21:22:54 info: [0mPOST /api/v1/admin/forgot-password/verify-otp [32m200[0m 17.506 ms - 167[0m
2026-04-23 21:24:54 info: [0mPOST /api/v1/admin/forgot-password/reset [32m200[0m 132.912 ms - 101[0m
2026-04-23 21:28:16 info: [0mPOST /api/v1/admin/profile [33m404[0m 11.169 ms - 160[0m
2026-04-23 21:28:21 error: [GET] /api/v1/admin/profile >> StatusCode:: 401, Message:: Token expired, try again
2026-04-23 21:28:21 info: [0mGET /api/v1/admin/profile [33m401[0m 15.451 ms - 84[0m
2026-04-23 21:28:29 error: [POST] /api/v1/admin/login >> StatusCode:: 400, Message:: Invalid mobile or password
2026-04-23 21:28:29 info: [0mPOST /api/v1/admin/login [33m400[0m 119.630 ms - 86[0m
2026-04-23 21:28:42 info: [0mPOST /api/v1/admin/login [32m200[0m 141.407 ms - 579[0m
2026-04-23 21:29:01 info: [0mGET /api/v1/admin/profile [32m200[0m 10.734 ms - 321[0m
2026-04-23 21:29:52 info: [0mGET /api/v1/admin/profile [32m200[0m 15.063 ms - 321[0m
2026-04-23 21:30:17 info: [0mPUT /api/v1/admin/profile [32m200[0m 21.843 ms - 298[0m
2026-04-23 21:32:54 info: [0mPOST /api/v1/admin/change-password [32m200[0m 238.736 ms - 105[0m
2026-04-23 21:33:24 info: [0mGET /api/v1/admin/kyc/submitted?page=1&pageSize=10&kycStatus=UNDER_REVIEW [31m500[0m 10.258 ms - 994[0m
2026-04-23 21:33:38 info: [0mGET /api/v1/admin/kyc/submitted?page=1&pageSize=10&kycStatus=UNDER_REVIEW [32m200[0m 33.275 ms - 694[0m
2026-04-23 21:35:13 info: [0mGET /api/v1/admin/users?status=APPROVED&kycStatus=APPROVED&isBlocked=false&q=vijay&page=1&pageSize=20 [31m500[0m 2.919 ms - 994[0m
2026-04-23 21:35:28 error: [POST] /api/v1/admin/login >> StatusCode:: 400, Message:: Invalid mobile or password
2026-04-23 21:35:28 info: [0mPOST /api/v1/admin/login [33m400[0m 121.149 ms - 86[0m
2026-04-23 21:35:34 info: [0mPOST /api/v1/admin/login [32m200[0m 124.003 ms - 576[0m
2026-04-23 21:35:48 info: [0mGET /api/v1/admin/users?status=APPROVED&kycStatus=APPROVED&isBlocked=false&q=vijay&page=1&pageSize=20 [32m200[0m 32.388 ms - 162[0m
2026-04-23 21:36:11 info: [0mGET /api/v1/admin/users [32m200[0m 8.053 ms - 566[0m
2026-04-23 21:36:31 info: [0mGET /api/v1/admin/users?status=APPROVED&kycStatus=APPROVED&isBlocked=false&q=vijay&page=1&pageSize=20 [32m200[0m 12.796 ms - 162[0m
2026-04-23 21:38:09 info: [0mGET /api/v1/admin/users/69ea3cceb7e155711a56fbcf [32m200[0m 7.991 ms - 331[0m
2026-04-23 21:40:01 info: [0mGET /api/v1/admin/users/69ea3cceb7e155711a56fbcf/stats [32m200[0m 28.754 ms - 196[0m
2026-04-23 21:40:41 info: [0mPOST /api/v1/admin/users/69ea3cceb7e155711a56fbcf/block [32m200[0m 22.112 ms - 101[0m
2026-04-23 21:40:50 info: [0mPOST /api/v1/admin/users/69ea3cceb7e155711a56fbcf/block [32m200[0m 11.638 ms - 101[0m
2026-04-23 21:40:53 info: [0mPOST /api/v1/admin/users/69ea3cceb7e155711a56fbcf/block [32m200[0m 11.707 ms - 101[0m
2026-04-23 21:41:29 info: [0mPOST /api/v1/admin/users/69ea3cceb7e155711a56fbcf/unblock [32m200[0m 10.964 ms - 105[0m
2026-04-23 21:42:32 info: [0mDELETE /api/v1/admin/users/69ea3cceb7e155711a56fbcf [32m200[0m 13.845 ms - 101[0m
2026-04-23 21:43:31 info: [0mGET /api/v1/admin/dashboard/stats [32m200[0m 32.773 ms - 387[0m
2026-04-23 21:44:23 error: [GET] /api/v1/admin/dashboard/growth >> StatusCode:: 401, Message:: Token expired, try again
2026-04-23 21:44:23 info: [0mGET /api/v1/admin/dashboard/growth?days=30 [33m401[0m 3.181 ms - 84[0m
2026-04-23 21:44:45 info: [0mGET /api/v1/admin/dashboard/growth?days=30 [32m200[0m 77.457 ms - 146[0m
2026-04-23 21:47:24 info: =================================
2026-04-23 21:47:24 info: ======= ENV: development ========
2026-04-23 21:47:24 info: 🚀 App listening on the port 5000
2026-04-23 21:47:24 info: =================================
2026-04-23 21:47:24 info: MongoDB connected successfully
2026-04-23 21:52:26 info: =================================
2026-04-23 21:52:26 info: ======= ENV: development ========
2026-04-23 21:52:26 info: 🚀 App listening on the port 5000
2026-04-23 21:52:26 info: =================================
2026-04-23 21:52:26 info: MongoDB connected successfully
2026-04-23 21:57:38 info: =================================
2026-04-23 21:57:38 info: ======= ENV: development ========
2026-04-23 21:57:38 info: 🚀 App listening on the port 5000
2026-04-23 21:57:38 info: =================================
2026-04-23 21:57:38 info: MongoDB connected successfully
2026-04-23 21:58:10 info: =================================
2026-04-23 21:58:10 info: ======= ENV: development ========
2026-04-23 21:58:10 info: 🚀 App listening on the port 5000
2026-04-23 21:58:10 info: =================================
2026-04-23 21:58:10 info: MongoDB connected successfully
2026-04-23 21:58:25 info: =================================
2026-04-23 21:58:25 info: ======= ENV: development ========
2026-04-23 21:58:25 info: 🚀 App listening on the port 5000
2026-04-23 21:58:25 info: =================================
2026-04-23 21:58:25 info: MongoDB connected successfully
2026-04-23 21:58:46 info: =================================
2026-04-23 21:58:46 info: ======= ENV: development ========
2026-04-23 21:58:46 info: 🚀 App listening on the port 5000
2026-04-23 21:58:46 info: =================================
2026-04-23 21:58:46 info: MongoDB connected successfully
2026-04-23 21:59:00 info: =================================
2026-04-23 21:59:00 info: ======= ENV: development ========
2026-04-23 21:59:00 info: 🚀 App listening on the port 5000
2026-04-23 21:59:00 info: =================================
2026-04-23 21:59:00 info: MongoDB connected successfully
2026-04-23 22:01:48 info: =================================
2026-04-23 22:01:48 info: ======= ENV: development ========
2026-04-23 22:01:48 info: 🚀 App listening on the port 5000
2026-04-23 22:01:48 info: =================================
2026-04-23 22:01:48 info: MongoDB connected successfully
2026-04-23 22:02:17 info: =================================
2026-04-23 22:02:17 info: ======= ENV: development ========
2026-04-23 22:02:17 info: 🚀 App listening on the port 5000
2026-04-23 22:02:17 info: =================================
2026-04-23 22:02:17 info: MongoDB connected successfully
2026-04-23 22:02:48 info: =================================
2026-04-23 22:02:48 info: ======= ENV: development ========
2026-04-23 22:02:48 info: 🚀 App listening on the port 5000
2026-04-23 22:02:48 info: =================================
2026-04-23 22:02:48 info: MongoDB connected successfully
2026-04-23 22:03:21 info: =================================
2026-04-23 22:03:21 info: ======= ENV: development ========
2026-04-23 22:03:21 info: 🚀 App listening on the port 5000
2026-04-23 22:03:21 info: =================================
2026-04-23 22:03:21 info: MongoDB connected successfully
2026-04-23 22:04:12 info: =================================
2026-04-23 22:04:12 info: ======= ENV: development ========
2026-04-23 22:04:12 info: 🚀 App listening on the port 5000
2026-04-23 22:04:12 info: =================================
2026-04-23 22:04:12 info: MongoDB connected successfully
2026-04-23 22:04:42 info: =================================
2026-04-23 22:04:42 info: ======= ENV: development ========
2026-04-23 22:04:42 info: 🚀 App listening on the port 5000
2026-04-23 22:04:42 info: =================================
2026-04-23 22:04:42 info: MongoDB connected successfully
2026-04-23 22:05:06 info: =================================
2026-04-23 22:05:06 info: ======= ENV: development ========
2026-04-23 22:05:06 info: 🚀 App listening on the port 5000
2026-04-23 22:05:06 info: =================================
2026-04-23 22:05:06 info: MongoDB connected successfully
2026-04-23 22:05:35 info: =================================
2026-04-23 22:05:35 info: ======= ENV: development ========
2026-04-23 22:05:35 info: 🚀 App listening on the port 5000
2026-04-23 22:05:35 info: =================================
2026-04-23 22:05:35 info: MongoDB connected successfully
2026-04-23 22:06:29 info: =================================
2026-04-23 22:06:29 info: ======= ENV: development ========
2026-04-23 22:06:29 info: 🚀 App listening on the port 5000
2026-04-23 22:06:29 info: =================================
2026-04-23 22:06:29 info: MongoDB connected successfully
2026-04-23 22:11:23 info: =================================
2026-04-23 22:11:23 info: ======= ENV: development ========
2026-04-23 22:11:23 info: 🚀 App listening on the port 5000
2026-04-23 22:11:23 info: =================================
2026-04-23 22:11:23 info: MongoDB connected successfully
2026-04-23 22:14:13 info: =================================
2026-04-23 22:14:13 info: ======= ENV: development ========
2026-04-23 22:14:13 info: 🚀 App listening on the port 5000
2026-04-23 22:14:13 info: =================================
2026-04-23 22:14:13 info: MongoDB connected successfully
2026-04-23 22:14:23 info: =================================
2026-04-23 22:14:23 info: ======= ENV: development ========
2026-04-23 22:14:23 info: 🚀 App listening on the port 5000
2026-04-23 22:14:23 info: =================================
2026-04-23 22:14:23 info: MongoDB connected successfully
2026-04-23 22:14:34 info: =================================
2026-04-23 22:14:34 info: ======= ENV: development ========
2026-04-23 22:14:34 info: 🚀 App listening on the port 5000
2026-04-23 22:14:34 info: =================================
2026-04-23 22:14:34 info: MongoDB connected successfully
2026-04-23 22:14:46 info: =================================
2026-04-23 22:14:46 info: ======= ENV: development ========
2026-04-23 22:14:46 info: 🚀 App listening on the port 5000
2026-04-23 22:14:46 info: =================================
2026-04-23 22:14:47 info: MongoDB connected successfully
2026-04-23 22:16:47 info: =================================
2026-04-23 22:16:47 info: ======= ENV: development ========
2026-04-23 22:16:47 info: 🚀 App listening on the port 5000
2026-04-23 22:16:47 info: =================================
2026-04-23 22:16:47 info: MongoDB connected successfully
2026-04-23 22:19:50 info: =================================
2026-04-23 22:19:50 info: ======= ENV: development ========
2026-04-23 22:19:50 info: 🚀 App listening on the port 5000
2026-04-23 22:19:50 info: =================================
2026-04-23 22:19:50 info: MongoDB connected successfully
2026-04-23 22:20:15 info: =================================
2026-04-23 22:20:15 info: ======= ENV: development ========
2026-04-23 22:20:15 info: 🚀 App listening on the port 5000
2026-04-23 22:20:15 info: =================================
2026-04-23 22:20:15 info: MongoDB connected successfully
2026-04-23 22:24:02 info: =================================
2026-04-23 22:24:02 info: ======= ENV: development ========
2026-04-23 22:24:02 info: 🚀 App listening on the port 5000
2026-04-23 22:24:02 info: =================================
2026-04-23 22:24:02 info: MongoDB connected successfully
