2026-03-24 21:14:10 info: =================================
2026-03-24 21:14:10 info: ======= ENV: development ========
2026-03-24 21:14:10 info: 🚀 App listening on the port 5000
2026-03-24 21:14:10 info: =================================
2026-03-24 21:14:10 info: MongoDB connected successfully
2026-03-24 21:18:23 info: [0mPOST /api/v1/user/auth/sendOtpuser/auth/sendOtp [33m404[0m 64.300 ms - 181[0m
2026-03-24 21:18:52 info: [0mPOST /api/v1/user/auth/sendOtp [32m200[0m 147.594 ms - 95[0m
2026-03-24 21:19:53 info: [0mPOST /api/v1/user/auth/verifyOtp [32m200[0m 476.618 ms - 787[0m
2026-03-24 21:20:32 info: =================================
2026-03-24 21:20:32 info: ======= ENV: development ========
2026-03-24 21:20:32 info: 🚀 App listening on the port 5000
2026-03-24 21:20:32 info: =================================
2026-03-24 21:20:32 info: MongoDB connected successfully
2026-03-24 21:21:14 info: [0mPOST /api/v1/user/auth/completeProfile [32m200[0m 155.787 ms - 140[0m
2026-03-24 21:22:39 info: [0mPOST /api/v1/user/auth/upload-documents [32m200[0m 74.958 ms - 413[0m
2026-03-24 21:22:53 info: [0mPOST /api/v1/user/auth/upload-documents [32m200[0m 40.511 ms - 415[0m
2026-03-24 21:23:53 info: [0mPOST /api/v1/user/auth/upload-documents [32m200[0m 223.025 ms - 409[0m
2026-03-24 21:27:42 info: [0mPOST /api/v1/admin/login [31m500[0m 154.662 ms - 505[0m
2026-03-24 21:28:19 info: [0mPOST /api/v1/admin/login [32m200[0m 299.870 ms - 568[0m
2026-03-24 21:28:44 info: [0mGET /api/v1/admin/kyc/submitted?page=1&pageSize=10 [32m200[0m 87.888 ms - 1590[0m
2026-03-24 21:40:49 info: =================================
2026-03-24 21:40:49 info: ======= ENV: development ========
2026-03-24 21:40:49 info: 🚀 App listening on the port 5000
2026-03-24 21:40:49 info: =================================
2026-03-24 21:40:49 info: MongoDB connected successfully
2026-03-24 21:44:23 info: =================================
2026-03-24 21:44:23 info: ======= ENV: development ========
2026-03-24 21:44:23 info: 🚀 App listening on the port 5000
2026-03-24 21:44:23 info: =================================
2026-03-24 21:44:23 info: MongoDB connected successfully
2026-03-24 21:45:43 info: =================================
2026-03-24 21:45:43 info: ======= ENV: development ========
2026-03-24 21:45:43 info: 🚀 App listening on the port 5000
2026-03-24 21:45:43 info: =================================
2026-03-24 21:45:44 info: MongoDB connected successfully
2026-03-24 21:47:05 info: =================================
2026-03-24 21:47:05 info: ======= ENV: development ========
2026-03-24 21:47:05 info: 🚀 App listening on the port 5000
2026-03-24 21:47:05 info: =================================
2026-03-24 21:47:05 info: MongoDB connected successfully
2026-03-24 21:47:14 info: =================================
2026-03-24 21:47:14 info: ======= ENV: development ========
2026-03-24 21:47:14 info: 🚀 App listening on the port 5000
2026-03-24 21:47:14 info: =================================
2026-03-24 21:47:14 info: MongoDB connected successfully
